// Jest Snapshot v1, https://goo.gl/fbAQLP

exports[`Nav component DOM node structure matches snapshot 1`] = `
<DocumentFragment>
  <header>
    <h2>
      <a
        data-testid="link"
        href="/"
      >
        Rochelle Younger
      </a>
    </h2>
    <nav>
      <ul
        class="flex-row"
      >
        <li
          class="mx-2"
        >
          <a
            data-testid="about"
            href="#about"
          >
            About me
          </a>
        </li>
        <li
          class="mx-2"
        >
          <span>
            Contact
          </span>
        </li>
        <li
          class="mx-2"
        >
          <span>
            Projects
          </span>
        </li>
      </ul>
    </nav>
  </header>
</DocumentFragment>
`;
